// Jest Snapshot v1, https://goo.gl/fbAQLP

exports[`renders completed correctly 1`] = `
<div
  className="css-1bgjfgj"
>
  <div
    className="css-1qeg6mr"
  >
    <h2
      className="chakra-heading css-0"
    >
        Almost Complete! 
    </h2>
     
  </div>
  <div
    className="css-1qeg6mr"
  >
    <button
      className="chakra-button css-oqfhsh"
      onClick={[Function]}
      type="button"
    >
       Publish Now 
    </button>
  </div>
</div>
`;
